../Core/Src/main.c:87:5:_write	24	static
../Core/Src/main.c:94:6:BH1750_Init	32	static
../Core/Src/main.c:102:7:BH1750_ReadLux	32	static
../Core/Src/main.c:111:6:LED_PWM_Write	24	static
../Core/Src/main.c:119:7:PI_Compute	40	static
../Core/Src/main.c:138:6:HAL_UART_RxCpltCallback	24	static
../Core/Src/main.c:157:5:main	96	static
../Core/Src/main.c:249:6:SystemClock_Config	88	static
../Core/Src/main.c:290:6:MX_I2C2_Init	8	static
../Core/Src/main.c:306:6:Error_Handler	4	static,ignoring_inline_asm
